operator@host:~$ python3 "<LOCAL_LAUNCHER>" --run --live --limit 622
[ETAP] WERYFIKACJA_KODU_I_USLUG
[ETAP] KONFIGURACJA_USLUG
[ETAP] STATUS_BODY_FROZEN
[USLUGA] BODY_FROZEN RUNNING pid=<PID> sekundy=0.65
[ETAP] STATUS_ISKRA1
[USLUGA] ISKRA1 RUNNING pid=<PID> sekundy=0.59
[ETAP] STATUS_ISKRA2
[USLUGA] ISKRA2 RUNNING pid=<PID> sekundy=0.47
[ETAP] STATUS_ISKRA3
[USLUGA] ISKRA3 RUNNING pid=<PID> sekundy=0.57
[ETAP] STATUS_ISKRA4
[USLUGA] ISKRA4 RUNNING pid=<PID> sekundy=0.47
[ETAP] STATUS_ISKRA5
[USLUGA] ISKRA5 RUNNING pid=<PID> sekundy=0.47
[ETAP] STATUS_ISKRA6
[USLUGA] ISKRA6 RUNNING pid=<PID> sekundy=0.47
[ETAP] STATUS_GATEWAY
[USLUGA] GATEWAY uwierzytelniony status OK
[ETAP] STATUS_DIRECTOR
[USLUGA] DIRECTOR RUNNING pid=<PID>
[SLOTY] Final/Director_Final/BODY_FINAL/Iskry=1; Czara/Director_Czary/BODY1=1; wspolny budzet=6.0 USD/dzien.
[ZERO_LAB] Final: 7 wykonawcow i Director READY; modele=0.
[ETAP] PODPISY_I_KOLEJKA_S20_S26
[KOLEJKA] pozostalo=614; historia zachowana; bez automatycznych powtorek.
[PLAN] DUP_01fe5854e782f647a46351d1 limit=622
[ETAP] SZKOLENIE_SSI_FINAL
[DZIALA] etap=SZKOLENIE_SSI_FINAL sekundy=15 funkcje=<INTERNAL_STACK>
[POCKET_READY] qualified=1 actors=7 paid_calls=0
[DZIALA] etap=SZKOLENIE_SSI_FINAL sekundy=35 funkcje=<INTERNAL_STACK>
[CASE_REQUEST] ssi-s21-iskra2-s21-01-02-a1
[DZIALA] etap=SZKOLENIE_SSI_FINAL sekundy=55 funkcje=<INTERNAL_STACK>
[DZIALA] etap=SZKOLENIE_SSI_FINAL sekundy=75 funkcje=<INTERNAL_STACK>
[DZIALA] etap=SZKOLENIE_SSI_FINAL sekundy=95 funkcje=<INTERNAL_STACK>
[DZIALA] etap=SZKOLENIE_SSI_FINAL sekundy=115 funkcje=<INTERNAL_STACK>
[DZIALA] etap=SZKOLENIE_SSI_FINAL sekundy=135 funkcje=<INTERNAL_STACK>
[NATIVE_CANDIDATE] 1 evaluation=PASS ci=INCONCLUSIVE
[TRAINING_EVENT] RND_LAB_REJECTED action=REVISE_CANDIDATE_WITHIN_EXISTING_LIMITS decision=STOP_TIER_LIMIT reasons=["LAB_EXPRESSION_SHAPE"]
[CASE_DONE] ISKRA2 S21-01-02 INCONCLUSIVE ['rnd_lab_comparison_not_verified']
[LAB_FLOW] ISKRA2 S21-01-02 CONTINUE_NEXT_CASE pending=1
[CASE_REQUEST] ssi-s22-iskra3-s22-01-03-a1
[DZIALA] etap=SZKOLENIE_SSI_FINAL sekundy=155 funkcje=<INTERNAL_STACK>
[DZIALA] etap=SZKOLENIE_SSI_FINAL sekundy=175 funkcje=<INTERNAL_STACK>
[DZIALA] etap=SZKOLENIE_SSI_FINAL sekundy=195 funkcje=<INTERNAL_STACK>
[NATIVE_CANDIDATE] 1 evaluation=PASS ci=PASS
[TRAINING_EVENT] VERIFIED action=COMPLETE decision=CASE_VERIFIED reasons=[]
[CASE_DONE] ISKRA3 S22-01-03 PASS []
[LAB_FLOW] ISKRA3 S22-01-03 COMPLETE pending=1
[CASE_REQUEST] ssi-s23-iskra3-s23-01-01-a1
[DZIALA] etap=SZKOLENIE_SSI_FINAL sekundy=215 funkcje=<INTERNAL_STACK>
[DZIALA] etap=SZKOLENIE_SSI_FINAL sekundy=235 funkcje=<INTERNAL_STACK>
[DZIALA] etap=SZKOLENIE_SSI_FINAL sekundy=255 funkcje=<INTERNAL_STACK>
[NATIVE_CANDIDATE] 1 evaluation=PASS ci=INCONCLUSIVE
[TRAINING_EVENT] RND_LAB_REJECTED action=REVISE_CANDIDATE_WITHIN_EXISTING_LIMITS decision=STOP_TIER_LIMIT reasons=["LAB_OPERATION_FIELDS:merge:missing=[]:extra=[\"input_blocks\"]"]
[CASE_DONE] ISKRA3 S23-01-01 INCONCLUSIVE ['rnd_lab_comparison_not_verified']
[LAB_FLOW] ISKRA3 S23-01-01 CONTINUE_NEXT_CASE pending=2
[CASE_REQUEST] ssi-s24-iskra5-s24-01-01-a1
[DZIALA] etap=SZKOLENIE_SSI_FINAL sekundy=275 funkcje=<INTERNAL_STACK>
[DZIALA] etap=SZKOLENIE_SSI_FINAL sekundy=295 funkcje=<INTERNAL_STACK>
[DZIALA] etap=SZKOLENIE_SSI_FINAL sekundy=315 funkcje=<INTERNAL_STACK>
[DZIALA] etap=SZKOLENIE_SSI_FINAL sekundy=335 funkcje=<INTERNAL_STACK>
[NATIVE_CANDIDATE] 1 evaluation=PASS ci=PASS
[TRAINING_EVENT] VERIFIED action=COMPLETE decision=CASE_VERIFIED reasons=[]
[CASE_DONE] ISKRA5 S24-01-01 PASS []
[LAB_FLOW] ISKRA5 S24-01-01 COMPLETE pending=2
[CASE_REQUEST] ssi-s25-iskra3-s25-01-01-a1
[DZIALA] etap=SZKOLENIE_SSI_FINAL sekundy=355 funkcje=<INTERNAL_STACK>
[DZIALA] etap=SZKOLENIE_SSI_FINAL sekundy=375 funkcje=<INTERNAL_STACK>
[DZIALA] etap=SZKOLENIE_SSI_FINAL sekundy=395 funkcje=<INTERNAL_STACK>
[DZIALA] etap=SZKOLENIE_SSI_FINAL sekundy=415 funkcje=<INTERNAL_STACK>
[DZIALA] etap=SZKOLENIE_SSI_FINAL sekundy=435 funkcje=<INTERNAL_STACK>
[NATIVE_CANDIDATE] 1 evaluation=PASS ci=PASS
[TRAINING_EVENT] VERIFIED action=COMPLETE decision=CASE_VERIFIED reasons=[]
[CASE_DONE] ISKRA3 S25-01-01 PASS []
[LAB_FLOW] ISKRA3 S25-01-01 COMPLETE pending=2
[DZIALA] etap=SZKOLENIE_SSI_FINAL sekundy=455 funkcje=<INTERNAL_STACK>
[CASE_REQUEST] ssi-s26-iskra2-s26-01-01-a1
[DZIALA] etap=SZKOLENIE_SSI_FINAL sekundy=475 funkcje=<INTERNAL_STACK>
[DZIALA] etap=SZKOLENIE_SSI_FINAL sekundy=495 funkcje=<INTERNAL_STACK>
[DZIALA] etap=SZKOLENIE_SSI_FINAL sekundy=515 funkcje=<INTERNAL_STACK>
[NATIVE_CANDIDATE] 1 evaluation=PASS ci=PASS
[TRAINING_EVENT] VERIFIED action=COMPLETE decision=CASE_VERIFIED reasons=[]
[CASE_DONE] ISKRA2 S26-01-01 PASS []
[LAB_FLOW] ISKRA2 S26-01-01 COMPLETE pending=2
[CASE_REQUEST] ssi-s20-iskra6-s20-01-01-a1
[DZIALA] etap=SZKOLENIE_SSI_FINAL sekundy=535 funkcje=<INTERNAL_STACK>
[DZIALA] etap=SZKOLENIE_SSI_FINAL sekundy=555 funkcje=<INTERNAL_STACK>
[DZIALA] etap=SZKOLENIE_SSI_FINAL sekundy=575 funkcje=<INTERNAL_STACK>
[DZIALA] etap=SZKOLENIE_SSI_FINAL sekundy=595 funkcje=<INTERNAL_STACK>
[DZIALA] etap=SZKOLENIE_SSI_FINAL sekundy=615 funkcje=<INTERNAL_STACK>
[DZIALA] etap=SZKOLENIE_SSI_FINAL sekundy=635 funkcje=<INTERNAL_STACK>
[DZIALA] etap=SZKOLENIE_SSI_FINAL sekundy=655 funkcje=<INTERNAL_STACK>
[NATIVE_CANDIDATE] 1 evaluation=PASS ci=INCONCLUSIVE
[TRAINING_EVENT] RND_LAB_REJECTED action=REVISE_CANDIDATE_WITHIN_EXISTING_LIMITS decision=REFINE_CANDIDATE reasons=["LAB_OUTPUT_MISMATCH"]
[DZIALA] etap=SZKOLENIE_SSI_FINAL sekundy=675 funkcje=<INTERNAL_STACK>
[NATIVE_CANDIDATE] 2 evaluation=INCONCLUSIVE ci=INCONCLUSIVE
[TRAINING_EVENT] VERIFIER_OR_TRANSPORT_UNAVAILABLE action=PAUSE_KEEP_CANDIDATE decision=STOP_VERIFIER_OR_TRANSPORT_UNAVAILABLE reasons=["NO_CANDIDATE_GENERATED", "INVALID_WORKER_JSON"]
[CASE_DONE] ISKRA6 S20-01-01 INCONCLUSIVE ['unparseable_json', 'contract_binding:NO_CANDIDATE_TO_VALIDATE:$', 'rnd_lab_comparison_not_verified']
[DZIALA] etap=SZKOLENIE_SSI_FINAL sekundy=695 funkcje=<INTERNAL_STACK>
[LAB_FLOW] ISKRA6 S20-01-01 STOP_RUN pending=3
[DOMAIN_BATCH_RESULT] STOPPED_INFRASTRUCTURE {'INCONCLUSIVE': 3, 'PASS': 4} report=<LOCAL_RUN_REPORT>/RUN_DOMAIN_20261002T181736Z_f600e74c/run.json
operator@host:~$ 
