======================================================================
PRE-S20 HARDENING PASS + S19 COMMITTED. STARTING CORE TRAINING S20-S40
S19 cases are NOT rerun
post-S40: WEB01-WEB24 gated by S40 execution_complete + COMMITTED
==============================================================================
[POCKET_READY] qualified=1 actors=7 paid_calls=0
[EVIDENCE_CHAIN] LOCAL_DEVELOPMENT external_pilot_ready=False
[MEASUREMENT_CONTROLS] S20 PASS paid_calls=0
[LAB_SUITE_PLAN] S20 assignments=210 catalog=47 paid_calls=0
[STAGE_START] S20 actors= BODY_FROZEN,ISKRA1,ISKRA2,ISKRA3,ISKRA4,ISKRA5,ISKRA6 REPORT= /home/jankes72/SSI_V5/SSI V5 Final/runs/RUN_20260929T212837Z_92e516e1
[CASE_REQUEST] ssi-s20-body_frozen-s20-01-01-a1
[NATIVE_CANDIDATE] 1 evaluation=PASS ci=PASS
[TRAINING_EVENT] VERIFIED action=COMPLETE decision=CASE_VERIFIED reasons=[]
[CASE_DONE] BODY_FROZEN S20-01-01 PASS []
[LAB_FLOW] BODY_FROZEN S20-01-01 COMPLETE pending=0
[CASE_REQUEST] ssi-s20-body_frozen-s20-01-02-a1
[NATIVE_CANDIDATE] 1 evaluation=PASS ci=PASS
[TRAINING_EVENT] VERIFIED action=COMPLETE decision=CASE_VERIFIED reasons=[]
[CASE_DONE] BODY_FROZEN S20-01-02 PASS []
[LAB_FLOW] BODY_FROZEN S20-01-02 COMPLETE pending=0
[CASE_REQUEST] ssi-s20-body_frozen-s20-01-03-a1
[NATIVE_CANDIDATE] 1 evaluation=PASS ci=PASS
[TRAINING_EVENT] VERIFIED action=COMPLETE decision=CASE_VERIFIED reasons=[]
[CASE_DONE] BODY_FROZEN S20-01-03 PASS []
[LAB_FLOW] BODY_FROZEN S20-01-03 COMPLETE pending=0
[CASE_REQUEST] ssi-s20-body_frozen-s20-01-04-a1
[NATIVE_CANDIDATE] 1 evaluation=PASS ci=PASS
[TRAINING_EVENT] VERIFIED action=COMPLETE decision=CASE_VERIFIED reasons=[]
[CASE_DONE] BODY_FROZEN S20-01-04 PASS []
[LAB_FLOW] BODY_FROZEN S20-01-04 COMPLETE pending=0
[CASE_REQUEST] ssi-s20-body_frozen-s20-01-05-a1
[NATIVE_CANDIDATE] 1 evaluation=PASS ci=PASS
[TRAINING_EVENT] VERIFIED action=COMPLETE decision=CASE_VERIFIED reasons=[]
[CASE_DONE] BODY_FROZEN S20-01-05 PASS []
[LAB_FLOW] BODY_FROZEN S20-01-05 COMPLETE pending=0
[CASE_REQUEST] ssi-s20-body_frozen-s20-01-06-a1
[NATIVE_CANDIDATE] 1 evaluation=PASS ci=PASS
[TRAINING_EVENT] VERIFIED action=COMPLETE decision=CASE_VERIFIED reasons=[]
[CASE_DONE] BODY_FROZEN S20-01-06 PASS []
[LAB_FLOW] BODY_FROZEN S20-01-06 COMPLETE pending=0
[CASE_REQUEST] ssi-s20-body_frozen-s20-02-01-a1
[NATIVE_CANDIDATE] 1 evaluation=PASS ci=PASS
[TRAINING_EVENT] VERIFIED action=COMPLETE decision=CASE_VERIFIED reasons=[]
[CASE_DONE] BODY_FROZEN S20-02-01 PASS []
[LAB_FLOW] BODY_FROZEN S20-02-01 COMPLETE pending=0
[CASE_REQUEST] ssi-s20-body_frozen-s20-02-02-a1
[NATIVE_CANDIDATE] 1 evaluation=PASS ci=PASS
[TRAINING_EVENT] VERIFIED action=COMPLETE decision=CASE_VERIFIED reasons=[]
[CASE_DONE] BODY_FROZEN S20-02-02 PASS []
[LAB_FLOW] BODY_FROZEN S20-02-02 COMPLETE pending=0
[CASE_REQUEST] ssi-s20-body_frozen-s20-02-03-a1
[NATIVE_CANDIDATE] 1 evaluation=INCONCLUSIVE ci=INCONCLUSIVE
[TRAINING_EVENT] VERIFIER_OR_TRANSPORT_UNAVAILABLE action=PAUSE_KEEP_CANDIDATE decision=STOP_VERIFIER_OR_TRANSPORT_UNAVAILABLE reasons=["CONTRACT_REJECTED_BEFORE_VERIFIER"]
[CASE_DONE] BODY_FROZEN S20-02-03 INCONCLUSIVE ['unparseable_json', 'contract_binding:NO_CANDIDATE_TO_VALIDATE:$', 'collective_not_verified:UNVERIFIED:PARTIAL']
[LAB_FLOW] BODY_FROZEN S20-02-03 CONTINUE_NEXT_CASE pending=1
[CASE_REQUEST] ssi-s20-body_frozen-s20-02-04-a1
[NATIVE_CANDIDATE] 1 evaluation=INCONCLUSIVE ci=INCONCLUSIVE
[TRAINING_EVENT] VERIFIER_OR_TRANSPORT_UNAVAILABLE action=PAUSE_KEEP_CANDIDATE decision=STOP_VERIFIER_OR_TRANSPORT_UNAVAILABLE reasons=["CONTRACT_REJECTED_BEFORE_VERIFIER"]
[CASE_DONE] BODY_FROZEN S20-02-04 INCONCLUSIVE ['unparseable_json', 'contract_binding:NO_CANDIDATE_TO_VALIDATE:$', 'collective_not_verified:UNVERIFIED:PARTIAL']
[LAB_FLOW] BODY_FROZEN S20-02-04 CONTINUE_NEXT_CASE pending=2
[CASE_REQUEST] ssi-s20-body_frozen-s20-02-05-a1
[NATIVE_CANDIDATE] 1 evaluation=PASS ci=PASS
[TRAINING_EVENT] VERIFIED action=COMPLETE decision=CASE_VERIFIED reasons=[]
[CASE_DONE] BODY_FROZEN S20-02-05 PASS []
[LAB_FLOW] BODY_FROZEN S20-02-05 COMPLETE pending=2
[CASE_REQUEST] ssi-s20-body_frozen-s20-02-06-a1
[NATIVE_CANDIDATE] 1 evaluation=INCONCLUSIVE ci=INCONCLUSIVE
[TRAINING_EVENT] VERIFIER_OR_TRANSPORT_UNAVAILABLE action=PAUSE_KEEP_CANDIDATE decision=STOP_VERIFIER_OR_TRANSPORT_UNAVAILABLE reasons=["CONTRACT_REJECTED_BEFORE_VERIFIER"]
[CASE_DONE] BODY_FROZEN S20-02-06 INCONCLUSIVE ['unparseable_json', 'contract_binding:NO_CANDIDATE_TO_VALIDATE:$', 'collective_not_verified:UNVERIFIED:PARTIAL']
[LAB_FLOW] BODY_FROZEN S20-02-06 CONTINUE_NEXT_CASE pending=3
[CASE_REQUEST] ssi-s20-body_frozen-s20-03-01-a1
[NATIVE_CANDIDATE] 1 evaluation=PASS ci=PASS
[TRAINING_EVENT] VERIFIED action=COMPLETE decision=CASE_VERIFIED reasons=[]
[CASE_DONE] BODY_FROZEN S20-03-01 PASS []
[LAB_FLOW] BODY_FROZEN S20-03-01 COMPLETE pending=3
[CASE_REQUEST] ssi-s20-body_frozen-s20-03-02-a1
[NATIVE_CANDIDATE] 1 evaluation=INCONCLUSIVE ci=INCONCLUSIVE
[TRAINING_EVENT] VERIFIER_OR_TRANSPORT_UNAVAILABLE action=PAUSE_KEEP_CANDIDATE decision=STOP_VERIFIER_OR_TRANSPORT_UNAVAILABLE reasons=["CONTRACT_REJECTED_BEFORE_VERIFIER"]
[CASE_DONE] BODY_FROZEN S20-03-02 INCONCLUSIVE ['unparseable_json', 'contract_binding:NO_CANDIDATE_TO_VALIDATE:$', 'collective_not_verified:UNVERIFIED:PARTIAL']
[LAB_FLOW] BODY_FROZEN S20-03-02 CONTINUE_NEXT_CASE pending=4
[CASE_REQUEST] ssi-s20-body_frozen-s20-03-03-a1
[NATIVE_CANDIDATE] 1 evaluation=INCONCLUSIVE ci=INCONCLUSIVE
[TRAINING_EVENT] VERIFIER_OR_TRANSPORT_UNAVAILABLE action=PAUSE_KEEP_CANDIDATE decision=STOP_VERIFIER_OR_TRANSPORT_UNAVAILABLE reasons=["CONTRACT_REJECTED_BEFORE_VERIFIER"]
[CASE_DONE] BODY_FROZEN S20-03-03 INCONCLUSIVE ['unparseable_json', 'contract_binding:NO_CANDIDATE_TO_VALIDATE:$', 'collective_not_verified:UNVERIFIED:PARTIAL']
[LAB_FLOW] BODY_FROZEN S20-03-03 CONTINUE_NEXT_CASE pending=5
[CASE_REQUEST] ssi-s20-body_frozen-s20-03-04-a1
[NATIVE_CANDIDATE] 1 evaluation=PASS ci=PASS
[TRAINING_EVENT] VERIFIED action=COMPLETE decision=CASE_VERIFIED reasons=[]
[CASE_DONE] BODY_FROZEN S20-03-04 PASS []
[LAB_FLOW] BODY_FROZEN S20-03-04 COMPLETE pending=5
[CASE_REQUEST] ssi-s20-body_frozen-s20-03-05-a1
[NATIVE_CANDIDATE] 1 evaluation=PASS ci=PASS
[TRAINING_EVENT] VERIFIED action=COMPLETE decision=CASE_VERIFIED reasons=[]
[CASE_DONE] BODY_FROZEN S20-03-05 PASS []
[LAB_FLOW] BODY_FROZEN S20-03-05 COMPLETE pending=5
[CASE_REQUEST] ssi-s20-body_frozen-s20-03-06-a1
[NATIVE_CANDIDATE] 1 evaluation=INCONCLUSIVE ci=INCONCLUSIVE
[TRAINING_EVENT] VERIFIER_OR_TRANSPORT_UNAVAILABLE action=PAUSE_KEEP_CANDIDATE decision=STOP_VERIFIER_OR_TRANSPORT_UNAVAILABLE reasons=["CONTRACT_REJECTED_BEFORE_VERIFIER"]
[CASE_DONE] BODY_FROZEN S20-03-06 INCONCLUSIVE ['unparseable_json', 'contract_binding:NO_CANDIDATE_TO_VALIDATE:$', 'collective_not_verified:UNVERIFIED:PARTIAL']
[LAB_FLOW] BODY_FROZEN S20-03-06 CONTINUE_NEXT_CASE pending=6
[CASE_REQUEST] ssi-s20-body_frozen-s20-04-01-a1
[NATIVE_CANDIDATE] 1 evaluation=INCONCLUSIVE ci=INCONCLUSIVE
[TRAINING_EVENT] VERIFIER_OR_TRANSPORT_UNAVAILABLE action=PAUSE_KEEP_CANDIDATE decision=STOP_VERIFIER_OR_TRANSPORT_UNAVAILABLE reasons=["CONTRACT_REJECTED_BEFORE_VERIFIER"]
[CASE_DONE] BODY_FROZEN S20-04-01 INCONCLUSIVE ['unparseable_json', 'contract_binding:NO_CANDIDATE_TO_VALIDATE:$', 'collective_not_verified:UNVERIFIED:PARTIAL']
[LAB_FLOW] BODY_FROZEN S20-04-01 CONTINUE_NEXT_CASE pending=7
[CASE_REQUEST] ssi-s20-body_frozen-s20-04-02-a1
[NATIVE_CANDIDATE] 1 evaluation=PASS ci=PASS
[TRAINING_EVENT] VERIFIED action=COMPLETE decision=CASE_VERIFIED reasons=[]
[CASE_DONE] BODY_FROZEN S20-04-02 PASS []
[LAB_FLOW] BODY_FROZEN S20-04-02 COMPLETE pending=7
[CASE_REQUEST] ssi-s20-body_frozen-s20-04-03-a1
[NATIVE_CANDIDATE] 1 evaluation=PASS ci=PASS
[TRAINING_EVENT] VERIFIED action=COMPLETE decision=CASE_VERIFIED reasons=[]
[CASE_DONE] BODY_FROZEN S20-04-03 PASS []
[LAB_FLOW] BODY_FROZEN S20-04-03 COMPLETE pending=7
[CASE_REQUEST] ssi-s20-body_frozen-s20-04-04-a1
[NATIVE_CANDIDATE] 1 evaluation=PASS ci=PASS
[TRAINING_EVENT] VERIFIED action=COMPLETE decision=CASE_VERIFIED reasons=[]
[CASE_DONE] BODY_FROZEN S20-04-04 PASS []
[LAB_FLOW] BODY_FROZEN S20-04-04 COMPLETE pending=7
[CASE_REQUEST] ssi-s20-body_frozen-s20-04-05-a1
[NATIVE_CANDIDATE] 1 evaluation=PASS ci=PASS
[TRAINING_EVENT] VERIFIED action=COMPLETE decision=CASE_VERIFIED reasons=[]
[CASE_DONE] BODY_FROZEN S20-04-05 PASS []
[LAB_FLOW] BODY_FROZEN S20-04-05 COMPLETE pending=7
[CASE_REQUEST] ssi-s20-body_frozen-s20-04-06-a1
[NATIVE_CANDIDATE] 1 evaluation=INCONCLUSIVE ci=INCONCLUSIVE
[TRAINING_EVENT] VERIFIER_OR_TRANSPORT_UNAVAILABLE action=PAUSE_KEEP_CANDIDATE decision=STOP_VERIFIER_OR_TRANSPORT_UNAVAILABLE reasons=["CONTRACT_REJECTED_BEFORE_VERIFIER"]
[CASE_DONE] BODY_FROZEN S20-04-06 INCONCLUSIVE ['unparseable_json', 'contract_binding:NO_CANDIDATE_TO_VALIDATE:$', 'collective_not_verified:UNVERIFIED:PARTIAL']
[LAB_FLOW] BODY_FROZEN S20-04-06 CONTINUE_NEXT_CASE pending=8
[CASE_REQUEST] ssi-s20-body_frozen-s20-05-01-a1
[NATIVE_CANDIDATE] 1 evaluation=PASS ci=PASS
[TRAINING_EVENT] VERIFIED action=COMPLETE decision=CASE_VERIFIED reasons=[]
[CASE_DONE] BODY_FROZEN S20-05-01 PASS []
[LAB_FLOW] BODY_FROZEN S20-05-01 COMPLETE pending=8
[CASE_REQUEST] ssi-s20-body_frozen-s20-05-02-a1
[NATIVE_CANDIDATE] 1 evaluation=PASS ci=PASS
[TRAINING_EVENT] VERIFIED action=COMPLETE decision=CASE_VERIFIED reasons=[]
[CASE_DONE] BODY_FROZEN S20-05-02 PASS []
[LAB_FLOW] BODY_FROZEN S20-05-02 COMPLETE pending=8
[CASE_REQUEST] ssi-s20-body_frozen-s20-05-03-a1
[NATIVE_CANDIDATE] 1 evaluation=PASS ci=PASS
[TRAINING_EVENT] VERIFIED action=COMPLETE decision=CASE_VERIFIED reasons=[]
[CASE_DONE] BODY_FROZEN S20-05-03 PASS []
[LAB_FLOW] BODY_FROZEN S20-05-03 COMPLETE pending=8
[CASE_REQUEST] ssi-s20-body_frozen-s20-05-04-a1
[NATIVE_CANDIDATE] 1 evaluation=PASS ci=PASS
[TRAINING_EVENT] VERIFIED action=COMPLETE decision=CASE_VERIFIED reasons=[]
[CASE_DONE] BODY_FROZEN S20-05-04 PASS []
[LAB_FLOW] BODY_FROZEN S20-05-04 COMPLETE pending=8
[CASE_REQUEST] ssi-s20-body_frozen-s20-05-05-a1
[NATIVE_CANDIDATE] 1 evaluation=INCONCLUSIVE ci=INCONCLUSIVE
[TRAINING_EVENT] VERIFIER_OR_TRANSPORT_UNAVAILABLE action=PAUSE_KEEP_CANDIDATE decision=STOP_VERIFIER_OR_TRANSPORT_UNAVAILABLE reasons=["CONTRACT_REJECTED_BEFORE_VERIFIER"]
[CASE_DONE] BODY_FROZEN S20-05-05 INCONCLUSIVE ['unparseable_json', 'contract_binding:NO_CANDIDATE_TO_VALIDATE:$', 'collective_not_verified:UNVERIFIED:PARTIAL']
[LAB_FLOW] BODY_FROZEN S20-05-05 CONTINUE_NEXT_CASE pending=9
[CASE_REQUEST] ssi-s20-body_frozen-s20-05-06-a1
[NATIVE_CANDIDATE] 1 evaluation=PASS ci=PASS
[TRAINING_EVENT] VERIFIED action=COMPLETE decision=CASE_VERIFIED reasons=[]
[CASE_DONE] BODY_FROZEN S20-05-06 PASS []
[LAB_FLOW] BODY_FROZEN S20-05-06 COMPLETE pending=9
[CASE_REQUEST] ssi-s20-iskra1-s20-01-01-a1
[NATIVE_CANDIDATE] 1 evaluation=INCONCLUSIVE ci=INCONCLUSIVE
[TRAINING_EVENT] VERIFIER_OR_TRANSPORT_UNAVAILABLE action=PAUSE_KEEP_CANDIDATE decision=STOP_VERIFIER_OR_TRANSPORT_UNAVAILABLE reasons=["CONTRACT_REJECTED_BEFORE_VERIFIER"]
[CASE_DONE] ISKRA1 S20-01-01 INCONCLUSIVE ['unparseable_json', 'contract_binding:NO_CANDIDATE_TO_VALIDATE:$', 'collective_not_verified:UNVERIFIED:PARTIAL']
[LAB_FLOW] ISKRA1 S20-01-01 CONTINUE_NEXT_CASE pending=10
[CASE_REQUEST] ssi-s20-iskra1-s20-01-02-a1
[NATIVE_CANDIDATE] 1 evaluation=PASS ci=PASS
[TRAINING_EVENT] VERIFIED action=COMPLETE decision=CASE_VERIFIED reasons=[]
[CASE_DONE] ISKRA1 S20-01-02 PASS []
[LAB_FLOW] ISKRA1 S20-01-02 COMPLETE pending=10
[CASE_REQUEST] ssi-s20-iskra1-s20-01-03-a1
[NATIVE_CANDIDATE] 1 evaluation=PASS ci=PASS
[TRAINING_EVENT] VERIFIED action=COMPLETE decision=CASE_VERIFIED reasons=[]
[CASE_DONE] ISKRA1 S20-01-03 PASS []
[LAB_FLOW] ISKRA1 S20-01-03 COMPLETE pending=10
[CASE_REQUEST] ssi-s20-iskra1-s20-01-04-a1
[NATIVE_CANDIDATE] 1 evaluation=PASS ci=PASS
[TRAINING_EVENT] VERIFIED action=COMPLETE decision=CASE_VERIFIED reasons=[]
[CASE_DONE] ISKRA1 S20-01-04 PASS []
[LAB_FLOW] ISKRA1 S20-01-04 COMPLETE pending=10
[CASE_REQUEST] ssi-s20-iskra1-s20-01-05-a1
[NATIVE_CANDIDATE] 1 evaluation=PASS ci=PASS
[TRAINING_EVENT] VERIFIED action=COMPLETE decision=CASE_VERIFIED reasons=[]
[CASE_DONE] ISKRA1 S20-01-05 PASS []
[LAB_FLOW] ISKRA1 S20-01-05 COMPLETE pending=10
[CASE_REQUEST] ssi-s20-iskra1-s20-01-06-a1
[NATIVE_CANDIDATE] 1 evaluation=INCONCLUSIVE ci=INCONCLUSIVE
[TRAINING_EVENT] VERIFIER_OR_TRANSPORT_UNAVAILABLE action=PAUSE_KEEP_CANDIDATE decision=STOP_VERIFIER_OR_TRANSPORT_UNAVAILABLE reasons=["CONTRACT_REJECTED_BEFORE_VERIFIER"]
[CASE_DONE] ISKRA1 S20-01-06 INCONCLUSIVE ['unparseable_json', 'contract_binding:NO_CANDIDATE_TO_VALIDATE:$', 'collective_not_verified:UNVERIFIED:PARTIAL']
[LAB_FLOW] ISKRA1 S20-01-06 CONTINUE_NEXT_CASE pending=11
[CASE_REQUEST] ssi-s20-iskra1-s20-02-01-a1
[NATIVE_CANDIDATE] 1 evaluation=PASS ci=PASS
[TRAINING_EVENT] VERIFIED action=COMPLETE decision=CASE_VERIFIED reasons=[]
[CASE_DONE] ISKRA1 S20-02-01 PASS []
[LAB_FLOW] ISKRA1 S20-02-01 COMPLETE pending=11
[CASE_REQUEST] ssi-s20-iskra1-s20-02-02-a1
[NATIVE_CANDIDATE] 1 evaluation=INCONCLUSIVE ci=INCONCLUSIVE
[TRAINING_EVENT] VERIFIER_OR_TRANSPORT_UNAVAILABLE action=PAUSE_KEEP_CANDIDATE decision=STOP_VERIFIER_OR_TRANSPORT_UNAVAILABLE reasons=["CONTRACT_REJECTED_BEFORE_VERIFIER"]
[CASE_DONE] ISKRA1 S20-02-02 INCONCLUSIVE ['unparseable_json', 'contract_binding:NO_CANDIDATE_TO_VALIDATE:$', 'collective_not_verified:UNVERIFIED:PARTIAL']
[LAB_FLOW] ISKRA1 S20-02-02 CONTINUE_NEXT_CASE pending=12
[CASE_REQUEST] ssi-s20-iskra1-s20-02-03-a1
[NATIVE_CANDIDATE] 1 evaluation=INCONCLUSIVE ci=INCONCLUSIVE
[TRAINING_EVENT] VERIFIER_OR_TRANSPORT_UNAVAILABLE action=PAUSE_KEEP_CANDIDATE decision=STOP_VERIFIER_OR_TRANSPORT_UNAVAILABLE reasons=["CONTRACT_REJECTED_BEFORE_VERIFIER"]
[CASE_DONE] ISKRA1 S20-02-03 INCONCLUSIVE ['unparseable_json', 'contract_binding:NO_CANDIDATE_TO_VALIDATE:$', 'collective_not_verified:UNVERIFIED:PARTIAL']
[LAB_FLOW] ISKRA1 S20-02-03 CONTINUE_NEXT_CASE pending=13
[CASE_REQUEST] ssi-s20-iskra1-s20-02-04-a1
[NATIVE_CANDIDATE] 1 evaluation=INCONCLUSIVE ci=INCONCLUSIVE
[TRAINING_EVENT] VERIFIER_OR_TRANSPORT_UNAVAILABLE action=PAUSE_KEEP_CANDIDATE decision=STOP_VERIFIER_OR_TRANSPORT_UNAVAILABLE reasons=["CONTRACT_REJECTED_BEFORE_VERIFIER"]
[CASE_DONE] ISKRA1 S20-02-04 INCONCLUSIVE ['unparseable_json', 'contract_binding:NO_CANDIDATE_TO_VALIDATE:$', 'collective_not_verified:UNVERIFIED:PARTIAL']
[LAB_FLOW] ISKRA1 S20-02-04 CONTINUE_NEXT_CASE pending=14
[CASE_REQUEST] ssi-s20-iskra1-s20-02-05-a1
[NATIVE_CANDIDATE] 1 evaluation=PASS ci=PASS
[TRAINING_EVENT] VERIFIED action=COMPLETE decision=CASE_VERIFIED reasons=[]
[CASE_DONE] ISKRA1 S20-02-05 PASS []
[LAB_FLOW] ISKRA1 S20-02-05 COMPLETE pending=14
[CASE_REQUEST] ssi-s20-iskra1-s20-02-06-a1
[NATIVE_CANDIDATE] 1 evaluation=PASS ci=PASS
[TRAINING_EVENT] VERIFIED action=COMPLETE decision=CASE_VERIFIED reasons=[]
[CASE_DONE] ISKRA1 S20-02-06 PASS []
[LAB_FLOW] ISKRA1 S20-02-06 COMPLETE pending=14
[CASE_REQUEST] ssi-s20-iskra1-s20-03-01-a1
[NATIVE_CANDIDATE] 1 evaluation=PASS ci=PASS
[TRAINING_EVENT] VERIFIED action=COMPLETE decision=CASE_VERIFIED reasons=[]
[CASE_DONE] ISKRA1 S20-03-01 PASS []
[LAB_FLOW] ISKRA1 S20-03-01 COMPLETE pending=14
[CASE_REQUEST] ssi-s20-iskra1-s20-03-02-a1
[NATIVE_CANDIDATE] 1 evaluation=PASS ci=INCONCLUSIVE
[TRAINING_EVENT] BUDGET_OR_CALL_LIMIT action=PAUSE_KEEP_CHECKPOINT decision=STOP_BUDGET_OR_CALL_LIMIT reasons=["INFLIGHT_LIMIT", "INFLIGHT_LIMIT", "INDEPENDENT_VERIFIER_UNAVAILABLE", "INFLIGHT_LIMIT"]
[CASE_DONE] ISKRA1 S20-03-02 INCONCLUSIVE ['collective_not_verified:UNVERIFIED:PARTIAL']
[LAB_FLOW] ISKRA1 S20-03-02 CONTINUE_NEXT_CASE pending=15
[CASE_REQUEST] ssi-s20-iskra1-s20-03-03-a1
[NATIVE_CANDIDATE] 1 evaluation=INCONCLUSIVE ci=INCONCLUSIVE
[TRAINING_EVENT] VERIFIER_OR_TRANSPORT_UNAVAILABLE action=PAUSE_KEEP_CANDIDATE decision=STOP_VERIFIER_OR_TRANSPORT_UNAVAILABLE reasons=["CONTRACT_REJECTED_BEFORE_VERIFIER"]
[CASE_DONE] ISKRA1 S20-03-03 INCONCLUSIVE ['unparseable_json', 'contract_binding:NO_CANDIDATE_TO_VALIDATE:$', 'collective_not_verified:UNVERIFIED:PARTIAL']
[LAB_FLOW] ISKRA1 S20-03-03 CONTINUE_NEXT_CASE pending=16
[CASE_REQUEST] ssi-s20-iskra1-s20-03-04-a1
[NATIVE_CANDIDATE] 1 evaluation=PASS ci=PASS
[TRAINING_EVENT] VERIFIED action=COMPLETE decision=CASE_VERIFIED reasons=[]
[CASE_DONE] ISKRA1 S20-03-04 PASS []
[LAB_FLOW] ISKRA1 S20-03-04 COMPLETE pending=16
[CASE_REQUEST] ssi-s20-iskra1-s20-03-05-a1
[NATIVE_CANDIDATE] 1 evaluation=PASS ci=PASS
[TRAINING_EVENT] VERIFIED action=COMPLETE decision=CASE_VERIFIED reasons=[]
[CASE_DONE] ISKRA1 S20-03-05 PASS []
[LAB_FLOW] ISKRA1 S20-03-05 COMPLETE pending=16
[CASE_REQUEST] ssi-s20-iskra1-s20-03-06-a1
[NATIVE_CANDIDATE] 1 evaluation=PASS ci=PASS
[TRAINING_EVENT] VERIFIED action=COMPLETE decision=CASE_VERIFIED reasons=[]
[CASE_DONE] ISKRA1 S20-03-06 PASS []
[LAB_FLOW] ISKRA1 S20-03-06 COMPLETE pending=16
[CASE_REQUEST] ssi-s20-iskra1-s20-04-01-a1
[NATIVE_CANDIDATE] 1 evaluation=PASS ci=PASS
[TRAINING_EVENT] VERIFIED action=COMPLETE decision=CASE_VERIFIED reasons=[]
[CASE_DONE] ISKRA1 S20-04-01 PASS []
[LAB_FLOW] ISKRA1 S20-04-01 COMPLETE pending=16
[CASE_REQUEST] ssi-s20-iskra1-s20-04-02-a1
[NATIVE_CANDIDATE] 1 evaluation=PASS ci=PASS
[TRAINING_EVENT] VERIFIED action=COMPLETE decision=CASE_VERIFIED reasons=[]
[CASE_DONE] ISKRA1 S20-04-02 PASS []
[LAB_FLOW] ISKRA1 S20-04-02 COMPLETE pending=16
[CASE_REQUEST] ssi-s20-iskra1-s20-04-03-a1
[NATIVE_CANDIDATE] 1 evaluation=PASS ci=INCONCLUSIVE
[TRAINING_EVENT] REVIEW_PARTIAL action=REVISE_CANDIDATE_WITHIN_EXISTING_LIMITS decision=REFINE_CANDIDATE reasons=["No current LAB receipt or execution evidence is bound.", "Candidate includes planned READ actions on the faulted device, which are allowed, but broader proposed adapter capabilities remain unverified.", "Required outputs are empty, so objective completion is not independently demonstrated beyond the submitted plan."]
[NATIVE_CANDIDATE] 2 evaluation=PASS ci=PASS
[TRAINING_EVENT] VERIFIED action=COMPLETE decision=CASE_VERIFIED reasons=[]
[CASE_DONE] ISKRA1 S20-04-03 PASS []
[LAB_FLOW] ISKRA1 S20-04-03 COMPLETE pending=16
[CASE_REQUEST] ssi-s20-iskra1-s20-04-04-a1
[NATIVE_CANDIDATE] 1 evaluation=PASS ci=PASS
[TRAINING_EVENT] VERIFIED action=COMPLETE decision=CASE_VERIFIED reasons=[]
[CASE_DONE] ISKRA1 S20-04-04 PASS []
[LAB_FLOW] ISKRA1 S20-04-04 COMPLETE pending=16
[CASE_REQUEST] ssi-s20-iskra1-s20-04-05-a1
[NATIVE_CANDIDATE] 1 evaluation=PASS ci=PASS
[TRAINING_EVENT] VERIFIED action=COMPLETE decision=CASE_VERIFIED reasons=[]
[CASE_DONE] ISKRA1 S20-04-05 PASS []
[LAB_FLOW] ISKRA1 S20-04-05 COMPLETE pending=16
[CASE_REQUEST] ssi-s20-iskra1-s20-04-06-a1
[NATIVE_CANDIDATE] 1 evaluation=INCONCLUSIVE ci=INCONCLUSIVE
[TRAINING_EVENT] VERIFIER_OR_TRANSPORT_UNAVAILABLE action=PAUSE_KEEP_CANDIDATE decision=STOP_VERIFIER_OR_TRANSPORT_UNAVAILABLE reasons=["CONTRACT_REJECTED_BEFORE_VERIFIER"]
[CASE_DONE] ISKRA1 S20-04-06 INCONCLUSIVE ['unparseable_json', 'contract_binding:NO_CANDIDATE_TO_VALIDATE:$', 'collective_not_verified:UNVERIFIED:PARTIAL']
[LAB_FLOW] ISKRA1 S20-04-06 CONTINUE_NEXT_CASE pending=17
[CASE_REQUEST] ssi-s20-iskra1-s20-05-01-a1
[NATIVE_CANDIDATE] 1 evaluation=INCONCLUSIVE ci=INCONCLUSIVE
[TRAINING_EVENT] VERIFIER_OR_TRANSPORT_UNAVAILABLE action=PAUSE_KEEP_CANDIDATE decision=STOP_VERIFIER_OR_TRANSPORT_UNAVAILABLE reasons=["CONTRACT_REJECTED_BEFORE_VERIFIER"]
[CASE_DONE] ISKRA1 S20-05-01 INCONCLUSIVE ['unparseable_json', 'contract_binding:NO_CANDIDATE_TO_VALIDATE:$', 'collective_not_verified:UNVERIFIED:PARTIAL']
[LAB_FLOW] ISKRA1 S20-05-01 CONTINUE_NEXT_CASE pending=18
[CASE_REQUEST] ssi-s20-iskra1-s20-05-02-a1
[NATIVE_CANDIDATE] 1 evaluation=INCONCLUSIVE ci=INCONCLUSIVE
[TRAINING_EVENT] VERIFIER_OR_TRANSPORT_UNAVAILABLE action=PAUSE_KEEP_CANDIDATE decision=STOP_VERIFIER_OR_TRANSPORT_UNAVAILABLE reasons=["CONTRACT_REJECTED_BEFORE_VERIFIER"]
[CASE_DONE] ISKRA1 S20-05-02 INCONCLUSIVE ['unparseable_json', 'contract_binding:NO_CANDIDATE_TO_VALIDATE:$', 'collective_not_verified:UNVERIFIED:PARTIAL']
[LAB_FLOW] ISKRA1 S20-05-02 CONTINUE_NEXT_CASE pending=19
[CASE_REQUEST] ssi-s20-iskra1-s20-05-03-a1
[NATIVE_CANDIDATE] 1 evaluation=PASS ci=PASS
[TRAINING_EVENT] VERIFIED action=COMPLETE decision=CASE_VERIFIED reasons=[]
[CASE_DONE] ISKRA1 S20-05-03 PASS []
[LAB_FLOW] ISKRA1 S20-05-03 COMPLETE pending=19
[CASE_REQUEST] ssi-s20-iskra1-s20-05-04-a1
[NATIVE_CANDIDATE] 1 evaluation=PASS ci=PASS
[TRAINING_EVENT] VERIFIED action=COMPLETE decision=CASE_VERIFIED reasons=[]
[CASE_DONE] ISKRA1 S20-05-04 PASS []
[LAB_FLOW] ISKRA1 S20-05-04 COMPLETE pending=19
[CASE_REQUEST] ssi-s20-iskra1-s20-05-05-a1
[NATIVE_CANDIDATE] 1 evaluation=INCONCLUSIVE ci=INCONCLUSIVE
[TRAINING_EVENT] VERIFIER_OR_TRANSPORT_UNAVAILABLE action=PAUSE_KEEP_CANDIDATE decision=STOP_VERIFIER_OR_TRANSPORT_UNAVAILABLE reasons=["CONTRACT_REJECTED_BEFORE_VERIFIER"]
[CASE_DONE] ISKRA1 S20-05-05 INCONCLUSIVE ['unparseable_json', 'contract_binding:NO_CANDIDATE_TO_VALIDATE:$', 'collective_not_verified:UNVERIFIED:PARTIAL']
[LAB_FLOW] ISKRA1 S20-05-05 CONTINUE_NEXT_CASE pending=20
[CASE_REQUEST] ssi-s20-iskra1-s20-05-06-a1
[NATIVE_CANDIDATE] 1 evaluation=PASS ci=PASS
[TRAINING_EVENT] VERIFIED action=COMPLETE decision=CASE_VERIFIED reasons=[]
[CASE_DONE] ISKRA1 S20-05-06 PASS []
[LAB_FLOW] ISKRA1 S20-05-06 COMPLETE pending=20
[CASE_REQUEST] ssi-s20-iskra2-s20-01-01-a1
[NATIVE_CANDIDATE] 1 evaluation=PASS ci=PASS
[TRAINING_EVENT] VERIFIED action=COMPLETE decision=CASE_VERIFIED reasons=[]
[CASE_DONE] ISKRA2 S20-01-01 PASS []
[LAB_FLOW] ISKRA2 S20-01-01 COMPLETE pending=20
[CASE_REQUEST] ssi-s20-iskra2-s20-01-02-a1
[NATIVE_CANDIDATE] 1 evaluation=INCONCLUSIVE ci=INCONCLUSIVE
[TRAINING_EVENT] VERIFIER_OR_TRANSPORT_UNAVAILABLE action=PAUSE_KEEP_CANDIDATE decision=STOP_VERIFIER_OR_TRANSPORT_UNAVAILABLE reasons=["CONTRACT_REJECTED_BEFORE_VERIFIER"]
[CASE_DONE] ISKRA2 S20-01-02 INCONCLUSIVE ['unparseable_json', 'contract_binding:NO_CANDIDATE_TO_VALIDATE:$', 'collective_not_verified:UNVERIFIED:PARTIAL']
[LAB_FLOW] ISKRA2 S20-01-02 CONTINUE_NEXT_CASE pending=21
[CASE_REQUEST] ssi-s20-iskra2-s20-01-03-a1
[NATIVE_CANDIDATE] 1 evaluation=PASS ci=PASS
[TRAINING_EVENT] VERIFIED action=COMPLETE decision=CASE_VERIFIED reasons=[]
[CASE_DONE] ISKRA2 S20-01-03 PASS []
[LAB_FLOW] ISKRA2 S20-01-03 COMPLETE pending=21
[CASE_REQUEST] ssi-s20-iskra2-s20-01-04-a1
[NATIVE_CANDIDATE] 1 evaluation=PASS ci=PASS
[TRAINING_EVENT] VERIFIED action=COMPLETE decision=CASE_VERIFIED reasons=[]
[CASE_DONE] ISKRA2 S20-01-04 PASS []
[LAB_FLOW] ISKRA2 S20-01-04 COMPLETE pending=21
[CASE_REQUEST] ssi-s20-iskra2-s20-01-05-a1
[NATIVE_CANDIDATE] 1 evaluation=PASS ci=PASS
[TRAINING_EVENT] VERIFIED action=COMPLETE decision=CASE_VERIFIED reasons=[]
[CASE_DONE] ISKRA2 S20-01-05 PASS []
[LAB_FLOW] ISKRA2 S20-01-05 COMPLETE pending=21
[CASE_REQUEST] ssi-s20-iskra2-s20-01-06-a1
[NATIVE_CANDIDATE] 1 evaluation=PASS ci=PASS
[TRAINING_EVENT] VERIFIED action=COMPLETE decision=CASE_VERIFIED reasons=[]
[CASE_DONE] ISKRA2 S20-01-06 PASS []
[LAB_FLOW] ISKRA2 S20-01-06 COMPLETE pending=21
[CASE_REQUEST] ssi-s20-iskra2-s20-02-01-a1
[NATIVE_CANDIDATE] 1 evaluation=PASS ci=PASS
[TRAINING_EVENT] VERIFIED action=COMPLETE decision=CASE_VERIFIED reasons=[]
[CASE_DONE] ISKRA2 S20-02-01 PASS []
[LAB_FLOW] ISKRA2 S20-02-01 COMPLETE pending=21
[CASE_REQUEST] ssi-s20-iskra2-s20-02-02-a1
[NATIVE_CANDIDATE] 1 evaluation=PASS ci=PASS
[TRAINING_EVENT] VERIFIED action=COMPLETE decision=CASE_VERIFIED reasons=[]
[CASE_DONE] ISKRA2 S20-02-02 PASS []
[LAB_FLOW] ISKRA2 S20-02-02 COMPLETE pending=21
[CASE_REQUEST] ssi-s20-iskra2-s20-02-03-a1
[NATIVE_CANDIDATE] 1 evaluation=PASS ci=PASS
[TRAINING_EVENT] VERIFIED action=COMPLETE decision=CASE_VERIFIED reasons=[]
[CASE_DONE] ISKRA2 S20-02-03 PASS []
[LAB_FLOW] ISKRA2 S20-02-03 COMPLETE pending=21
[CASE_REQUEST] ssi-s20-iskra2-s20-02-04-a1
[NATIVE_CANDIDATE] 1 evaluation=PASS ci=PASS
[TRAINING_EVENT] VERIFIED action=COMPLETE decision=CASE_VERIFIED reasons=[]
[CASE_DONE] ISKRA2 S20-02-04 PASS []
[LAB_FLOW] ISKRA2 S20-02-04 COMPLETE pending=21
[CASE_REQUEST] ssi-s20-iskra2-s20-02-05-a1
[NATIVE_CANDIDATE] 1 evaluation=INCONCLUSIVE ci=INCONCLUSIVE
[TRAINING_EVENT] VERIFIER_OR_TRANSPORT_UNAVAILABLE action=PAUSE_KEEP_CANDIDATE decision=STOP_VERIFIER_OR_TRANSPORT_UNAVAILABLE reasons=["CONTRACT_REJECTED_BEFORE_VERIFIER"]
[CASE_DONE] ISKRA2 S20-02-05 INCONCLUSIVE ['unparseable_json', 'contract_binding:NO_CANDIDATE_TO_VALIDATE:$', 'collective_not_verified:UNVERIFIED:PARTIAL']
[LAB_FLOW] ISKRA2 S20-02-05 CONTINUE_NEXT_CASE pending=22
[CASE_REQUEST] ssi-s20-iskra2-s20-02-06-a1
[NATIVE_CANDIDATE] 1 evaluation=INCONCLUSIVE ci=INCONCLUSIVE
[TRAINING_EVENT] VERIFIER_OR_TRANSPORT_UNAVAILABLE action=PAUSE_KEEP_CANDIDATE decision=STOP_VERIFIER_OR_TRANSPORT_UNAVAILABLE reasons=["CONTRACT_REJECTED_BEFORE_VERIFIER"]
[CASE_DONE] ISKRA2 S20-02-06 INCONCLUSIVE ['unparseable_json', 'contract_binding:NO_CANDIDATE_TO_VALIDATE:$', 'collective_not_verified:UNVERIFIED:PARTIAL']
[LAB_FLOW] ISKRA2 S20-02-06 CONTINUE_NEXT_CASE pending=23
[CASE_REQUEST] ssi-s20-iskra2-s20-03-01-a1
[NATIVE_CANDIDATE] 1 evaluation=INCONCLUSIVE ci=INCONCLUSIVE
[TRAINING_EVENT] VERIFIER_OR_TRANSPORT_UNAVAILABLE action=PAUSE_KEEP_CANDIDATE decision=STOP_VERIFIER_OR_TRANSPORT_UNAVAILABLE reasons=["CONTRACT_REJECTED_BEFORE_VERIFIER"]
[CASE_DONE] ISKRA2 S20-03-01 INCONCLUSIVE ['unparseable_json', 'contract_binding:NO_CANDIDATE_TO_VALIDATE:$', 'collective_not_verified:UNVERIFIED:PARTIAL']
[LAB_FLOW] ISKRA2 S20-03-01 CONTINUE_NEXT_CASE pending=24
[CASE_REQUEST] ssi-s20-iskra2-s20-03-02-a1
[NATIVE_CANDIDATE] 1 evaluation=INCONCLUSIVE ci=INCONCLUSIVE
[TRAINING_EVENT] VERIFIER_OR_TRANSPORT_UNAVAILABLE action=PAUSE_KEEP_CANDIDATE decision=STOP_VERIFIER_OR_TRANSPORT_UNAVAILABLE reasons=["CONTRACT_REJECTED_BEFORE_VERIFIER"]
[CASE_DONE] ISKRA2 S20-03-02 INCONCLUSIVE ['unparseable_json', 'contract_binding:NO_CANDIDATE_TO_VALIDATE:$', 'collective_not_verified:UNVERIFIED:PARTIAL']
[LAB_FLOW] ISKRA2 S20-03-02 CONTINUE_NEXT_CASE pending=25
[CASE_REQUEST] ssi-s20-iskra2-s20-03-03-a1
[NATIVE_CANDIDATE] 1 evaluation=PASS ci=PASS
[TRAINING_EVENT] VERIFIED action=COMPLETE decision=CASE_VERIFIED reasons=[]
[CASE_DONE] ISKRA2 S20-03-03 PASS []
[LAB_FLOW] ISKRA2 S20-03-03 COMPLETE pending=25
[CASE_REQUEST] ssi-s20-iskra2-s20-03-04-a1
[NATIVE_CANDIDATE] 1 evaluation=INCONCLUSIVE ci=INCONCLUSIVE
[TRAINING_EVENT] VERIFIER_OR_TRANSPORT_UNAVAILABLE action=PAUSE_KEEP_CANDIDATE decision=STOP_VERIFIER_OR_TRANSPORT_UNAVAILABLE reasons=["CONTRACT_REJECTED_BEFORE_VERIFIER"]
[CASE_DONE] ISKRA2 S20-03-04 INCONCLUSIVE ['unparseable_json', 'contract_binding:NO_CANDIDATE_TO_VALIDATE:$', 'collective_not_verified:UNVERIFIED:PARTIAL']
[LAB_FLOW] ISKRA2 S20-03-04 CONTINUE_NEXT_CASE pending=26
[CASE_REQUEST] ssi-s20-iskra2-s20-03-05-a1
[NATIVE_CANDIDATE] 1 evaluation=INCONCLUSIVE ci=INCONCLUSIVE
[TRAINING_EVENT] VERIFIER_OR_TRANSPORT_UNAVAILABLE action=PAUSE_KEEP_CANDIDATE decision=STOP_VERIFIER_OR_TRANSPORT_UNAVAILABLE reasons=["CONTRACT_REJECTED_BEFORE_VERIFIER"]
[CASE_DONE] ISKRA2 S20-03-05 INCONCLUSIVE ['unparseable_json', 'contract_binding:NO_CANDIDATE_TO_VALIDATE:$', 'collective_not_verified:UNVERIFIED:PARTIAL']
[LAB_FLOW] ISKRA2 S20-03-05 CONTINUE_NEXT_CASE pending=27
[CASE_REQUEST] ssi-s20-iskra2-s20-03-06-a1
[NATIVE_CANDIDATE] 1 evaluation=PASS ci=PASS
[TRAINING_EVENT] VERIFIED action=COMPLETE decision=CASE_VERIFIED reasons=[]
[CASE_DONE] ISKRA2 S20-03-06 PASS []
[LAB_FLOW] ISKRA2 S20-03-06 COMPLETE pending=27
[CASE_REQUEST] ssi-s20-iskra2-s20-04-01-a1
[NATIVE_CANDIDATE] 1 evaluation=PASS ci=PASS
[TRAINING_EVENT] VERIFIED action=COMPLETE decision=CASE_VERIFIED reasons=[]
[CASE_DONE] ISKRA2 S20-04-01 PASS []
[LAB_FLOW] ISKRA2 S20-04-01 COMPLETE pending=27
[CASE_REQUEST] ssi-s20-iskra2-s20-04-02-a1
[NATIVE_CANDIDATE] 1 evaluation=PASS ci=PASS
[TRAINING_EVENT] VERIFIED action=COMPLETE decision=CASE_VERIFIED reasons=[]
[CASE_DONE] ISKRA2 S20-04-02 PASS []
[LAB_FLOW] ISKRA2 S20-04-02 COMPLETE pending=27
[CASE_REQUEST] ssi-s20-iskra2-s20-04-03-a1
[NATIVE_CANDIDATE] 1 evaluation=PASS ci=PASS
[TRAINING_EVENT] VERIFIED action=COMPLETE decision=CASE_VERIFIED reasons=[]
[CASE_DONE] ISKRA2 S20-04-03 PASS []
[LAB_FLOW] ISKRA2 S20-04-03 COMPLETE pending=27
[CASE_REQUEST] ssi-s20-iskra2-s20-04-04-a1
[NATIVE_CANDIDATE] 1 evaluation=INCONCLUSIVE ci=INCONCLUSIVE
[TRAINING_EVENT] VERIFIER_OR_TRANSPORT_UNAVAILABLE action=PAUSE_KEEP_CANDIDATE decision=STOP_VERIFIER_OR_TRANSPORT_UNAVAILABLE reasons=["CONTRACT_REJECTED_BEFORE_VERIFIER"]
[CASE_DONE] ISKRA2 S20-04-04 INCONCLUSIVE ['unparseable_json', 'contract_binding:NO_CANDIDATE_TO_VALIDATE:$', 'collective_not_verified:UNVERIFIED:PARTIAL']
[LAB_FLOW] ISKRA2 S20-04-04 CONTINUE_NEXT_CASE pending=28
[CASE_REQUEST] ssi-s20-iskra2-s20-04-05-a1
[NATIVE_CANDIDATE] 1 evaluation=PASS ci=PASS
[TRAINING_EVENT] VERIFIED action=COMPLETE decision=CASE_VERIFIED reasons=[]
[CASE_DONE] ISKRA2 S20-04-05 PASS []
[LAB_FLOW] ISKRA2 S20-04-05 COMPLETE pending=28
[CASE_REQUEST] ssi-s20-iskra2-s20-04-06-a1
[NATIVE_CANDIDATE] 1 evaluation=PASS ci=PASS
[TRAINING_EVENT] VERIFIED action=COMPLETE decision=CASE_VERIFIED reasons=[]
[CASE_DONE] ISKRA2 S20-04-06 PASS []
[LAB_FLOW] ISKRA2 S20-04-06 COMPLETE pending=28
[CASE_REQUEST] ssi-s20-iskra2-s20-05-01-a1
[NATIVE_CANDIDATE] 1 evaluation=INCONCLUSIVE ci=INCONCLUSIVE
[TRAINING_EVENT] VERIFIER_OR_TRANSPORT_UNAVAILABLE action=PAUSE_KEEP_CANDIDATE decision=STOP_VERIFIER_OR_TRANSPORT_UNAVAILABLE reasons=["CONTRACT_REJECTED_BEFORE_VERIFIER"]
[CASE_DONE] ISKRA2 S20-05-01 INCONCLUSIVE ['unparseable_json', 'contract_binding:NO_CANDIDATE_TO_VALIDATE:$', 'collective_not_verified:UNVERIFIED:PARTIAL']
[LAB_FLOW] ISKRA2 S20-05-01 CONTINUE_NEXT_CASE pending=29
[CASE_REQUEST] ssi-s20-iskra2-s20-05-02-a1
[NATIVE_CANDIDATE] 1 evaluation=INCONCLUSIVE ci=INCONCLUSIVE
[TRAINING_EVENT] VERIFIER_OR_TRANSPORT_UNAVAILABLE action=PAUSE_KEEP_CANDIDATE decision=STOP_VERIFIER_OR_TRANSPORT_UNAVAILABLE reasons=["CONTRACT_REJECTED_BEFORE_VERIFIER"]
[CASE_DONE] ISKRA2 S20-05-02 INCONCLUSIVE ['unparseable_json', 'contract_binding:NO_CANDIDATE_TO_VALIDATE:$', 'collective_not_verified:UNVERIFIED:PARTIAL']
[LAB_FLOW] ISKRA2 S20-05-02 CONTINUE_NEXT_CASE pending=30
[CASE_REQUEST] ssi-s20-iskra2-s20-05-03-a1
[NATIVE_CANDIDATE] 1 evaluation=PASS ci=PASS
[TRAINING_EVENT] VERIFIED action=COMPLETE decision=CASE_VERIFIED reasons=[]
[CASE_DONE] ISKRA2 S20-05-03 PASS []
[LAB_FLOW] ISKRA2 S20-05-03 COMPLETE pending=30
[CASE_REQUEST] ssi-s20-iskra2-s20-05-04-a1
[NATIVE_CANDIDATE] 1 evaluation=PASS ci=PASS
[TRAINING_EVENT] VERIFIED action=COMPLETE decision=CASE_VERIFIED reasons=[]
[CASE_DONE] ISKRA2 S20-05-04 PASS []
[LAB_FLOW] ISKRA2 S20-05-04 COMPLETE pending=30
[CASE_REQUEST] ssi-s20-iskra2-s20-05-05-a1
[NATIVE_CANDIDATE] 1 evaluation=PASS ci=PASS
[TRAINING_EVENT] VERIFIED action=COMPLETE decision=CASE_VERIFIED reasons=[]
[CASE_DONE] ISKRA2 S20-05-05 PASS []
[LAB_FLOW] ISKRA2 S20-05-05 COMPLETE pending=30
[CASE_REQUEST] ssi-s20-iskra2-s20-05-06-a1
[NATIVE_CANDIDATE] 1 evaluation=PASS ci=PASS
[TRAINING_EVENT] VERIFIED action=COMPLETE decision=CASE_VERIFIED reasons=[]
[CASE_DONE] ISKRA2 S20-05-06 PASS []
[LAB_FLOW] ISKRA2 S20-05-06 COMPLETE pending=30
[CASE_REQUEST] ssi-s20-iskra3-s20-01-01-a1
[NATIVE_CANDIDATE] 1 evaluation=PASS ci=PASS
[TRAINING_EVENT] VERIFIED action=COMPLETE decision=CASE_VERIFIED reasons=[]
[CASE_DONE] ISKRA3 S20-01-01 PASS []
[LAB_FLOW] ISKRA3 S20-01-01 COMPLETE pending=30
[CASE_REQUEST] ssi-s20-iskra3-s20-01-02-a1
[NATIVE_CANDIDATE] 1 evaluation=PASS ci=PASS
[TRAINING_EVENT] VERIFIED action=COMPLETE decision=CASE_VERIFIED reasons=[]
[CASE_DONE] ISKRA3 S20-01-02 PASS []
[LAB_FLOW] ISKRA3 S20-01-02 COMPLETE pending=30
[CASE_REQUEST] ssi-s20-iskra3-s20-01-03-a1
[NATIVE_CANDIDATE] 1 evaluation=INCONCLUSIVE ci=INCONCLUSIVE
[TRAINING_EVENT] VERIFIER_OR_TRANSPORT_UNAVAILABLE action=PAUSE_KEEP_CANDIDATE decision=STOP_VERIFIER_OR_TRANSPORT_UNAVAILABLE reasons=["CONTRACT_REJECTED_BEFORE_VERIFIER"]
[CASE_DONE] ISKRA3 S20-01-03 INCONCLUSIVE ['unparseable_json', 'contract_binding:NO_CANDIDATE_TO_VALIDATE:$', 'collective_not_verified:UNVERIFIED:PARTIAL']
[LAB_FLOW] ISKRA3 S20-01-03 CONTINUE_NEXT_CASE pending=31
[CASE_REQUEST] ssi-s20-iskra3-s20-01-04-a1
[NATIVE_CANDIDATE] 1 evaluation=PASS ci=PASS
[TRAINING_EVENT] VERIFIED action=COMPLETE decision=CASE_VERIFIED reasons=[]
[CASE_DONE] ISKRA3 S20-01-04 PASS []
[LAB_FLOW] ISKRA3 S20-01-04 COMPLETE pending=31
[CASE_REQUEST] ssi-s20-iskra3-s20-01-05-a1
[NATIVE_CANDIDATE] 1 evaluation=PASS ci=PASS
[TRAINING_EVENT] VERIFIED action=COMPLETE decision=CASE_VERIFIED reasons=[]
[CASE_DONE] ISKRA3 S20-01-05 PASS []
[LAB_FLOW] ISKRA3 S20-01-05 COMPLETE pending=31
[CASE_REQUEST] ssi-s20-iskra3-s20-01-06-a1
[NATIVE_CANDIDATE] 1 evaluation=PASS ci=PASS
[TRAINING_EVENT] VERIFIED action=COMPLETE decision=CASE_VERIFIED reasons=[]
[CASE_DONE] ISKRA3 S20-01-06 PASS []
[LAB_FLOW] ISKRA3 S20-01-06 COMPLETE pending=31
[CASE_REQUEST] ssi-s20-iskra3-s20-02-01-a1
[NATIVE_CANDIDATE] 1 evaluation=INCONCLUSIVE ci=INCONCLUSIVE
[TRAINING_EVENT] VERIFIER_OR_TRANSPORT_UNAVAILABLE action=PAUSE_KEEP_CANDIDATE decision=STOP_VERIFIER_OR_TRANSPORT_UNAVAILABLE reasons=["CONTRACT_REJECTED_BEFORE_VERIFIER"]
[CASE_DONE] ISKRA3 S20-02-01 INCONCLUSIVE ['unparseable_json', 'contract_binding:NO_CANDIDATE_TO_VALIDATE:$', 'collective_not_verified:UNVERIFIED:PARTIAL']
[LAB_FLOW] ISKRA3 S20-02-01 CONTINUE_NEXT_CASE pending=32
[CASE_REQUEST] ssi-s20-iskra3-s20-02-02-a1
[NATIVE_CANDIDATE] 1 evaluation=PASS ci=PASS
[TRAINING_EVENT] VERIFIED action=COMPLETE decision=CASE_VERIFIED reasons=[]
[CASE_DONE] ISKRA3 S20-02-02 PASS []
[LAB_FLOW] ISKRA3 S20-02-02 COMPLETE pending=32
[CASE_REQUEST] ssi-s20-iskra3-s20-02-03-a1
[NATIVE_CANDIDATE] 1 evaluation=PASS ci=PASS
[TRAINING_EVENT] VERIFIED action=COMPLETE decision=CASE_VERIFIED reasons=[]
[CASE_DONE] ISKRA3 S20-02-03 PASS []
[LAB_FLOW] ISKRA3 S20-02-03 COMPLETE pending=32
[CASE_REQUEST] ssi-s20-iskra3-s20-02-04-a1
[NATIVE_CANDIDATE] 1 evaluation=PASS ci=PASS
[TRAINING_EVENT] VERIFIED action=COMPLETE decision=CASE_VERIFIED reasons=[]
[CASE_DONE] ISKRA3 S20-02-04 PASS []
[LAB_FLOW] ISKRA3 S20-02-04 COMPLETE pending=32
[CASE_REQUEST] ssi-s20-iskra3-s20-02-05-a1
[NATIVE_CANDIDATE] 1 evaluation=PASS ci=PASS
[TRAINING_EVENT] VERIFIED action=COMPLETE decision=CASE_VERIFIED reasons=[]
[CASE_DONE] ISKRA3 S20-02-05 PASS []
[LAB_FLOW] ISKRA3 S20-02-05 COMPLETE pending=32
[CASE_REQUEST] ssi-s20-iskra3-s20-02-06-a1
[NATIVE_CANDIDATE] 1 evaluation=PASS ci=PASS
[TRAINING_EVENT] VERIFIED action=COMPLETE decision=CASE_VERIFIED reasons=[]
[CASE_DONE] ISKRA3 S20-02-06 PASS []
[LAB_FLOW] ISKRA3 S20-02-06 COMPLETE pending=32
[CASE_REQUEST] ssi-s20-iskra3-s20-03-01-a1
[NATIVE_CANDIDATE] 1 evaluation=PASS ci=PASS
[TRAINING_EVENT] VERIFIED action=COMPLETE decision=CASE_VERIFIED reasons=[]
[CASE_DONE] ISKRA3 S20-03-01 PASS []
[LAB_FLOW] ISKRA3 S20-03-01 COMPLETE pending=32
[CASE_REQUEST] ssi-s20-iskra3-s20-03-02-a1
[NATIVE_CANDIDATE] 1 evaluation=PASS ci=PASS
[TRAINING_EVENT] VERIFIED action=COMPLETE decision=CASE_VERIFIED reasons=[]
[CASE_DONE] ISKRA3 S20-03-02 PASS []
[LAB_FLOW] ISKRA3 S20-03-02 COMPLETE pending=32
[CASE_REQUEST] ssi-s20-iskra3-s20-03-03-a1
[NATIVE_CANDIDATE] 1 evaluation=INCONCLUSIVE ci=INCONCLUSIVE
[TRAINING_EVENT] VERIFIER_OR_TRANSPORT_UNAVAILABLE action=PAUSE_KEEP_CANDIDATE decision=STOP_VERIFIER_OR_TRANSPORT_UNAVAILABLE reasons=["CONTRACT_REJECTED_BEFORE_VERIFIER"]
[CASE_DONE] ISKRA3 S20-03-03 INCONCLUSIVE ['unparseable_json', 'contract_binding:NO_CANDIDATE_TO_VALIDATE:$', 'collective_not_verified:UNVERIFIED:PARTIAL']
[LAB_FLOW] ISKRA3 S20-03-03 CONTINUE_NEXT_CASE pending=33
[CASE_REQUEST] ssi-s20-iskra3-s20-03-04-a1
[NATIVE_CANDIDATE] 1 evaluation=INCONCLUSIVE ci=INCONCLUSIVE
[TRAINING_EVENT] VERIFIER_OR_TRANSPORT_UNAVAILABLE action=PAUSE_KEEP_CANDIDATE decision=STOP_VERIFIER_OR_TRANSPORT_UNAVAILABLE reasons=["CONTRACT_REJECTED_BEFORE_VERIFIER"]
[CASE_DONE] ISKRA3 S20-03-04 INCONCLUSIVE ['unparseable_json', 'contract_binding:NO_CANDIDATE_TO_VALIDATE:$', 'collective_not_verified:UNVERIFIED:PARTIAL']
[LAB_FLOW] ISKRA3 S20-03-04 CONTINUE_NEXT_CASE pending=34
[CASE_REQUEST] ssi-s20-iskra3-s20-03-05-a1
[NATIVE_CANDIDATE] 1 evaluation=PASS ci=INCONCLUSIVE
[TRAINING_EVENT] BUDGET_OR_CALL_LIMIT action=PAUSE_KEEP_CHECKPOINT decision=STOP_BUDGET_OR_CALL_LIMIT reasons=["INFLIGHT_LIMIT", "INFLIGHT_LIMIT", "INDEPENDENT_VERIFIER_UNAVAILABLE", "INFLIGHT_LIMIT"]
[CASE_DONE] ISKRA3 S20-03-05 INCONCLUSIVE ['collective_not_verified:UNVERIFIED:PARTIAL']
[LAB_FLOW] ISKRA3 S20-03-05 CONTINUE_NEXT_CASE pending=35
[CASE_REQUEST] ssi-s20-iskra3-s20-03-06-a1
[NATIVE_CANDIDATE] 1 evaluation=PASS ci=PASS
[TRAINING_EVENT] VERIFIED action=COMPLETE decision=CASE_VERIFIED reasons=[]
[CASE_DONE] ISKRA3 S20-03-06 PASS []
[LAB_FLOW] ISKRA3 S20-03-06 COMPLETE pending=35
[CASE_REQUEST] ssi-s20-iskra3-s20-04-01-a1
[NATIVE_CANDIDATE] 1 evaluation=PASS ci=PASS
[TRAINING_EVENT] VERIFIED action=COMPLETE decision=CASE_VERIFIED reasons=[]
[CASE_DONE] ISKRA3 S20-04-01 PASS []
[LAB_FLOW] ISKRA3 S20-04-01 COMPLETE pending=35
[CASE_REQUEST] ssi-s20-iskra3-s20-04-02-a1
[NATIVE_CANDIDATE] 1 evaluation=PASS ci=PASS
[TRAINING_EVENT] VERIFIED action=COMPLETE decision=CASE_VERIFIED reasons=[]
[CASE_DONE] ISKRA3 S20-04-02 PASS []
[LAB_FLOW] ISKRA3 S20-04-02 COMPLETE pending=35
[CASE_REQUEST] ssi-s20-iskra3-s20-04-03-a1
[NATIVE_CANDIDATE] 1 evaluation=PASS ci=PASS
[TRAINING_EVENT] VERIFIED action=COMPLETE decision=CASE_VERIFIED reasons=[]
[CASE_DONE] ISKRA3 S20-04-03 PASS []
[LAB_FLOW] ISKRA3 S20-04-03 COMPLETE pending=35
[CASE_REQUEST] ssi-s20-iskra3-s20-04-04-a1
[NATIVE_CANDIDATE] 1 evaluation=PASS ci=PASS
[TRAINING_EVENT] VERIFIED action=COMPLETE decision=CASE_VERIFIED reasons=[]
[CASE_DONE] ISKRA3 S20-04-04 PASS []
[LAB_FLOW] ISKRA3 S20-04-04 COMPLETE pending=35
[CASE_REQUEST] ssi-s20-iskra3-s20-04-05-a1
[NATIVE_CANDIDATE] 1 evaluation=PASS ci=PASS
[TRAINING_EVENT] VERIFIED action=COMPLETE decision=CASE_VERIFIED reasons=[]
[CASE_DONE] ISKRA3 S20-04-05 PASS []
[LAB_FLOW] ISKRA3 S20-04-05 COMPLETE pending=35
[CASE_REQUEST] ssi-s20-iskra3-s20-04-06-a1
[NATIVE_CANDIDATE] 1 evaluation=INCONCLUSIVE ci=INCONCLUSIVE
[TRAINING_EVENT] VERIFIER_OR_TRANSPORT_UNAVAILABLE action=PAUSE_KEEP_CANDIDATE decision=STOP_VERIFIER_OR_TRANSPORT_UNAVAILABLE reasons=["CONTRACT_REJECTED_BEFORE_VERIFIER"]
[CASE_DONE] ISKRA3 S20-04-06 INCONCLUSIVE ['unparseable_json', 'contract_binding:NO_CANDIDATE_TO_VALIDATE:$', 'collective_not_verified:UNVERIFIED:PARTIAL']
[LAB_FLOW] ISKRA3 S20-04-06 CONTINUE_NEXT_CASE pending=36
[CASE_REQUEST] ssi-s20-iskra3-s20-05-01-a1
[NATIVE_CANDIDATE] 1 evaluation=INCONCLUSIVE ci=INCONCLUSIVE
[TRAINING_EVENT] VERIFIER_OR_TRANSPORT_UNAVAILABLE action=PAUSE_KEEP_CANDIDATE decision=STOP_VERIFIER_OR_TRANSPORT_UNAVAILABLE reasons=["CONTRACT_REJECTED_BEFORE_VERIFIER"]
[CASE_DONE] ISKRA3 S20-05-01 INCONCLUSIVE ['unparseable_json', 'contract_binding:NO_CANDIDATE_TO_VALIDATE:$', 'collective_not_verified:UNVERIFIED:PARTIAL']
[LAB_FLOW] ISKRA3 S20-05-01 CONTINUE_NEXT_CASE pending=37
[CASE_REQUEST] ssi-s20-iskra3-s20-05-02-a1
[NATIVE_CANDIDATE] 1 evaluation=PASS ci=PASS
[TRAINING_EVENT] VERIFIED action=COMPLETE decision=CASE_VERIFIED reasons=[]
[CASE_DONE] ISKRA3 S20-05-02 PASS []
[LAB_FLOW] ISKRA3 S20-05-02 COMPLETE pending=37
[CASE_REQUEST] ssi-s20-iskra3-s20-05-03-a1
